{
  "Parameters": {
    "TestName": "NoRepo_ProvRw",
    "ExpectedBehavior": [
      "  Provided:                                ",
      "    DataProvider         : Read Write      ",
      "    Repository           : -               ",
      "  Expected Implementations:                ",
      "    IDataProviderR       : DataProvider    ",
      "    IDataProviderRw      : DataProvider    ",
      "    ISourceDataProviderR : DataProvider    ",
      "    ISourceDataProviderRw: DataProvider    "
    ],
    "includedTypes": [
      "JLib.Tests.Reflection.ServiceCollection.AddDataProvider.AddDataProviderTests.TestCommandEntity",
      "JLib.Tests.Reflection.ServiceCollection.AddDataProvider.AddDataProviderTests.TestDataProviderRw<>"
    ]
  },
  "exception": null,
  "cache": {
    "JLib.Tests.Reflection.ServiceCollection.AddDataProvider": {
      "JLib.CommandEntityType": [
        "JLib.Tests.Reflection.ServiceCollection.AddDataProvider.AddDataProviderTests.TestCommandEntity"
      ],
      "JLib.SourceDataProviderType": [
        "JLib.Tests.Reflection.ServiceCollection.AddDataProvider.AddDataProviderTests.TestDataProviderRw<>"
      ]
    }
  },
  "services": {
    "non-generic": [
      {
        "Lifetime": "Singleton",
        "ImplementationSource": "Instance",
        "ServiceType": "JLib.ITypeCache",
        "ServiceArguments": [],
        "ImplementationType": "JLib.TypeCache",
        "ImplementationTypeArguments": []
      }
    ],
    "JLib.Tests.Reflection.ServiceCollection.AddDataProvider.AddDataProviderTests.TestCommandEntity": [
      {
        "Lifetime": "Scoped",
        "ImplementationSource": "Type",
        "ServiceType": "JLib.Tests.Reflection.ServiceCollection.AddDataProvider.AddDataProviderTests.TestDataProviderRw<>",
        "ServiceArguments": [
          "JLib.Tests.Reflection.ServiceCollection.AddDataProvider.AddDataProviderTests.TestCommandEntity"
        ],
        "ImplementationType": "JLib.Tests.Reflection.ServiceCollection.AddDataProvider.AddDataProviderTests.TestDataProviderRw<>",
        "ImplementationTypeArguments": [
          "JLib.Tests.Reflection.ServiceCollection.AddDataProvider.AddDataProviderTests.TestCommandEntity"
        ]
      },
      {
        "Lifetime": "Scoped",
        "ImplementationSource": "Factory",
        "ServiceType": "JLib.Data.IDataProviderR<>",
        "ServiceArguments": [
          "JLib.Tests.Reflection.ServiceCollection.AddDataProvider.AddDataProviderTests.TestCommandEntity"
        ],
        "ImplementationType": "JLib.Tests.Reflection.ServiceCollection.AddDataProvider.AddDataProviderTests.TestDataProviderRw<>",
        "ImplementationTypeArguments": [
          "JLib.Tests.Reflection.ServiceCollection.AddDataProvider.AddDataProviderTests.TestCommandEntity"
        ]
      },
      {
        "Lifetime": "Scoped",
        "ImplementationSource": "Factory",
        "ServiceType": "JLib.Data.IDataProviderRw<>",
        "ServiceArguments": [
          "JLib.Tests.Reflection.ServiceCollection.AddDataProvider.AddDataProviderTests.TestCommandEntity"
        ],
        "ImplementationType": "JLib.Tests.Reflection.ServiceCollection.AddDataProvider.AddDataProviderTests.TestDataProviderRw<>",
        "ImplementationTypeArguments": [
          "JLib.Tests.Reflection.ServiceCollection.AddDataProvider.AddDataProviderTests.TestCommandEntity"
        ]
      },
      {
        "Lifetime": "Scoped",
        "ImplementationSource": "Factory",
        "ServiceType": "JLib.Data.ISourceDataProviderR<>",
        "ServiceArguments": [
          "JLib.Tests.Reflection.ServiceCollection.AddDataProvider.AddDataProviderTests.TestCommandEntity"
        ],
        "ImplementationType": "JLib.Tests.Reflection.ServiceCollection.AddDataProvider.AddDataProviderTests.TestDataProviderRw<>",
        "ImplementationTypeArguments": [
          "JLib.Tests.Reflection.ServiceCollection.AddDataProvider.AddDataProviderTests.TestCommandEntity"
        ]
      },
      {
        "Lifetime": "Scoped",
        "ImplementationSource": "Factory",
        "ServiceType": "JLib.Data.ISourceDataProviderRw<>",
        "ServiceArguments": [
          "JLib.Tests.Reflection.ServiceCollection.AddDataProvider.AddDataProviderTests.TestCommandEntity"
        ],
        "ImplementationType": "JLib.Tests.Reflection.ServiceCollection.AddDataProvider.AddDataProviderTests.TestDataProviderRw<>",
        "ImplementationTypeArguments": [
          "JLib.Tests.Reflection.ServiceCollection.AddDataProvider.AddDataProviderTests.TestCommandEntity"
        ]
      }
    ]
  }
}
