{
  "Parameters": {
    "TestName": "RepoR_ProvFr",
    "ExpectedBehavior": [
      "  Provided:                                    ",
      "    DataProvider         : Forced Read Only    ",
      "    Repository           : ReadOnly            ",
      "  Expected Implementations:                    ",
      "    IDataProviderR       : Repository          ",
      "    IDataProviderRw      : -                   ",
      "    ISourceDataProviderR : DataProvider        ",
      "    ISourceDataProviderRw: -                   "
    ],
    "includedTypes": [
      "JLib.Tests.Reflection.ServiceCollection.AddDataProvider.AddDataProviderTests.TestCommandEntity",
      "JLib.Tests.Reflection.ServiceCollection.AddDataProvider.AddDataProviderTests.TestDataProviderRw<>",
      "JLib.Tests.Reflection.ServiceCollection.AddDataProvider.AddDataProviderTests.TestRepositoryR"
    ]
  },
  "exception": null,
  "cache": {
    "JLib.Tests.Reflection.ServiceCollection.AddDataProvider": {
      "JLib.CommandEntityType": [
        "JLib.Tests.Reflection.ServiceCollection.AddDataProvider.AddDataProviderTests.TestCommandEntity"
      ],
      "JLib.SourceDataProviderType": [
        "JLib.Tests.Reflection.ServiceCollection.AddDataProvider.AddDataProviderTests.TestDataProviderRw<>"
      ],
      "JLib.RepositoryType": [
        "JLib.Tests.Reflection.ServiceCollection.AddDataProvider.AddDataProviderTests.TestRepositoryR"
      ]
    }
  },
  "services": {
    "non-generic": [
      {
        "Lifetime": "Singleton",
        "ImplementationSource": "Instance",
        "ServiceType": "JLib.ITypeCache",
        "ServiceArguments": [],
        "ImplementationType": "JLib.TypeCache",
        "ImplementationTypeArguments": []
      },
      {
        "Lifetime": "Scoped",
        "ImplementationSource": "Type",
        "ServiceType": "JLib.Tests.Reflection.ServiceCollection.AddDataProvider.AddDataProviderTests.TestRepositoryR",
        "ServiceArguments": [],
        "ImplementationType": "JLib.Tests.Reflection.ServiceCollection.AddDataProvider.AddDataProviderTests.TestRepositoryR",
        "ImplementationTypeArguments": []
      }
    ],
    "JLib.Tests.Reflection.ServiceCollection.AddDataProvider.AddDataProviderTests.TestCommandEntity": [
      {
        "Lifetime": "Scoped",
        "ImplementationSource": "Factory",
        "ServiceType": "JLib.Data.IDataProviderR<>",
        "ServiceArguments": [
          "JLib.Tests.Reflection.ServiceCollection.AddDataProvider.AddDataProviderTests.TestCommandEntity"
        ],
        "ImplementationType": "JLib.Tests.Reflection.ServiceCollection.AddDataProvider.AddDataProviderTests.TestRepositoryR",
        "ImplementationTypeArguments": []
      },
      {
        "Lifetime": "Scoped",
        "ImplementationSource": "Type",
        "ServiceType": "JLib.Tests.Reflection.ServiceCollection.AddDataProvider.AddDataProviderTests.TestDataProviderRw<>",
        "ServiceArguments": [
          "JLib.Tests.Reflection.ServiceCollection.AddDataProvider.AddDataProviderTests.TestCommandEntity"
        ],
        "ImplementationType": "JLib.Tests.Reflection.ServiceCollection.AddDataProvider.AddDataProviderTests.TestDataProviderRw<>",
        "ImplementationTypeArguments": [
          "JLib.Tests.Reflection.ServiceCollection.AddDataProvider.AddDataProviderTests.TestCommandEntity"
        ]
      },
      {
        "Lifetime": "Scoped",
        "ImplementationSource": "Factory",
        "ServiceType": "JLib.Data.ISourceDataProviderR<>",
        "ServiceArguments": [
          "JLib.Tests.Reflection.ServiceCollection.AddDataProvider.AddDataProviderTests.TestCommandEntity"
        ],
        "ImplementationType": "JLib.Tests.Reflection.ServiceCollection.AddDataProvider.AddDataProviderTests.TestDataProviderRw<>",
        "ImplementationTypeArguments": [
          "JLib.Tests.Reflection.ServiceCollection.AddDataProvider.AddDataProviderTests.TestCommandEntity"
        ]
      }
    ]
  }
}
