{
  "Parameters": {
    "TestName": "NoRepo_ProvR_2Ce",
    "ExpectedBehavior": [
      "  Provided:                                  ",
      "    DataProvider           : Read Only       ",
      "    Repository             : -               ",
      "  Expected Implementations:                  ",
      "    TestCommandEntity                        ",
      "      IDataProviderR       : DataProvider    ",
      "      IDataProviderRw      : -               ",
      "      ISourceDataProviderR : DataProvider    ",
      "      ISourceDataProviderRw: -               ",
      "    TestCommandEntity2                       ",
      "      IDataProviderR       : DataProvider    ",
      "      IDataProviderRw      : -               ",
      "      ISourceDataProviderR : DataProvider    ",
      "      ISourceDataProviderRw: -               "
    ],
    "includedTypes": [
      "JLib.Tests.Reflection.ServiceCollection.AddDataProvider.AddDataProviderTests.TestCommandEntity",
      "JLib.Tests.Reflection.ServiceCollection.AddDataProvider.AddDataProviderTests.TestCommandEntity2",
      "JLib.Tests.Reflection.ServiceCollection.AddDataProvider.AddDataProviderTests.TestDataProviderR<>"
    ]
  },
  "exception": null,
  "cache": {
    "JLib.Tests.Reflection.ServiceCollection.AddDataProvider": {
      "JLib.CommandEntityType": [
        "JLib.Tests.Reflection.ServiceCollection.AddDataProvider.AddDataProviderTests.TestCommandEntity",
        "JLib.Tests.Reflection.ServiceCollection.AddDataProvider.AddDataProviderTests.TestCommandEntity2"
      ],
      "JLib.SourceDataProviderType": [
        "JLib.Tests.Reflection.ServiceCollection.AddDataProvider.AddDataProviderTests.TestDataProviderR<>"
      ]
    }
  },
  "services": {
    "non-generic": [
      {
        "Lifetime": "Singleton",
        "ImplementationSource": "Instance",
        "ServiceType": "JLib.ITypeCache",
        "ServiceArguments": [],
        "ImplementationType": "JLib.TypeCache",
        "ImplementationTypeArguments": []
      }
    ],
    "JLib.Tests.Reflection.ServiceCollection.AddDataProvider.AddDataProviderTests.TestCommandEntity": [
      {
        "Lifetime": "Scoped",
        "ImplementationSource": "Type",
        "ServiceType": "JLib.Tests.Reflection.ServiceCollection.AddDataProvider.AddDataProviderTests.TestDataProviderR<>",
        "ServiceArguments": [
          "JLib.Tests.Reflection.ServiceCollection.AddDataProvider.AddDataProviderTests.TestCommandEntity"
        ],
        "ImplementationType": "JLib.Tests.Reflection.ServiceCollection.AddDataProvider.AddDataProviderTests.TestDataProviderR<>",
        "ImplementationTypeArguments": [
          "JLib.Tests.Reflection.ServiceCollection.AddDataProvider.AddDataProviderTests.TestCommandEntity"
        ]
      },
      {
        "Lifetime": "Scoped",
        "ImplementationSource": "Factory",
        "ServiceType": "JLib.Data.IDataProviderR<>",
        "ServiceArguments": [
          "JLib.Tests.Reflection.ServiceCollection.AddDataProvider.AddDataProviderTests.TestCommandEntity"
        ],
        "ImplementationType": "JLib.Tests.Reflection.ServiceCollection.AddDataProvider.AddDataProviderTests.TestDataProviderR<>",
        "ImplementationTypeArguments": [
          "JLib.Tests.Reflection.ServiceCollection.AddDataProvider.AddDataProviderTests.TestCommandEntity"
        ]
      },
      {
        "Lifetime": "Scoped",
        "ImplementationSource": "Factory",
        "ServiceType": "JLib.Data.ISourceDataProviderR<>",
        "ServiceArguments": [
          "JLib.Tests.Reflection.ServiceCollection.AddDataProvider.AddDataProviderTests.TestCommandEntity"
        ],
        "ImplementationType": "JLib.Tests.Reflection.ServiceCollection.AddDataProvider.AddDataProviderTests.TestDataProviderR<>",
        "ImplementationTypeArguments": [
          "JLib.Tests.Reflection.ServiceCollection.AddDataProvider.AddDataProviderTests.TestCommandEntity"
        ]
      }
    ],
    "JLib.Tests.Reflection.ServiceCollection.AddDataProvider.AddDataProviderTests.TestCommandEntity2": [
      {
        "Lifetime": "Scoped",
        "ImplementationSource": "Type",
        "ServiceType": "JLib.Tests.Reflection.ServiceCollection.AddDataProvider.AddDataProviderTests.TestDataProviderR<>",
        "ServiceArguments": [
          "JLib.Tests.Reflection.ServiceCollection.AddDataProvider.AddDataProviderTests.TestCommandEntity2"
        ],
        "ImplementationType": "JLib.Tests.Reflection.ServiceCollection.AddDataProvider.AddDataProviderTests.TestDataProviderR<>",
        "ImplementationTypeArguments": [
          "JLib.Tests.Reflection.ServiceCollection.AddDataProvider.AddDataProviderTests.TestCommandEntity2"
        ]
      },
      {
        "Lifetime": "Scoped",
        "ImplementationSource": "Factory",
        "ServiceType": "JLib.Data.IDataProviderR<>",
        "ServiceArguments": [
          "JLib.Tests.Reflection.ServiceCollection.AddDataProvider.AddDataProviderTests.TestCommandEntity2"
        ],
        "ImplementationType": "JLib.Tests.Reflection.ServiceCollection.AddDataProvider.AddDataProviderTests.TestDataProviderR<>",
        "ImplementationTypeArguments": [
          "JLib.Tests.Reflection.ServiceCollection.AddDataProvider.AddDataProviderTests.TestCommandEntity2"
        ]
      },
      {
        "Lifetime": "Scoped",
        "ImplementationSource": "Factory",
        "ServiceType": "JLib.Data.ISourceDataProviderR<>",
        "ServiceArguments": [
          "JLib.Tests.Reflection.ServiceCollection.AddDataProvider.AddDataProviderTests.TestCommandEntity2"
        ],
        "ImplementationType": "JLib.Tests.Reflection.ServiceCollection.AddDataProvider.AddDataProviderTests.TestDataProviderR<>",
        "ImplementationTypeArguments": [
          "JLib.Tests.Reflection.ServiceCollection.AddDataProvider.AddDataProviderTests.TestCommandEntity2"
        ]
      }
    ]
  }
}
