{
  "Parameters": {
    "TestName": "RepoIr_ProvR",
    "ExpectedBehavior": [
      "  Provided:                                                                                                        ",
      "    DataProvider         : ReadOnly                                                                                ",
      "    Repository           : Invalid ReadOnly                                                                        ",
      "  Expected Exception:                                                                                              ",
      "    An exception which tells the user to not provide the DataProvider as ReadOnly and informs that it is forced    "
    ],
    "includedTypes": [
      "JLib.Tests.TestCommandEntity",
      "JLib.Tests.TestDataProviderR<>",
      "JLib.Tests.TestInvalidRepositoryR"
    ]
  },
  "exception": {
    "Type": "JLib.Exceptions.JLibAggregateException",
    "Message": "AddDataProviderTests",
    "InnerExceptions": [
      {
        "Type": "JLib.Exceptions.JLibAggregateException",
        "Message": "Setup",
        "InnerExceptions": [
          {
            "Type": "JLib.Exceptions.JLibAggregateException",
            "Message": "Cache setup failed",
            "InnerExceptions": [
              {
                "Type": "JLib.Exceptions.JLibAggregateException",
                "Message": "Type validation failed",
                "InnerExceptions": [
                  {
                    "Type": "JLib.Exceptions.InvalidTypeException",
                    "Message": "Error while initializing RepositoryType with JLib.Tests.TestInvalidRepositoryR: Should not implement JLib.Data.ISourceDataProviderR<>"
                  }
                ]
              }
            ]
          }
        ]
      }
    ]
  },
  "cache": "disabled",
  "services": "disabled"
}
