┐0 Assemblies and 3 types
├ Types:3
├ Types Total:3
├ Children:
