┐nested types of TypePackageTests.NestingDemoClass
├ Types:3
├ Types Total:3
├ Children:
