┐0 Assemblies
├ Types:0
├ Types Total:6
├ Children:
  ┐JLib.Tests.Reflection.DemoAssembly, Version=0.0.0.0, Culture=neutral, PublicKeyToken=null
  ├ Types:3
  ├ Types Total:3
  ├ Children:
  ┐JLib.Tests.Reflection.DemoAssembly2, Version=0.0.0.0, Culture=neutral, PublicKeyToken=null
  ├ Types:3
  ├ Types Total:3
  ├ Children:
