┐nested types of TypePackageTests.NestingDemoClass, TypePackageTests.NestingDemoClass2
├ Types:6
├ Types Total:6
├ Children:
