┐Testing Assembly 0 3
├ Types:3
├ Types Total:3
├ Children:
