{
  "Parameters": {
    "TestName": "MultiRepo_ProvIrw",
    "ExpectedBehavior": [
      "  Provided:                                                                                             ",
      "    DataProvider         : ReadWrite                                                                    ",
      "    Repository           : R, Rw                                                                        ",
      "  Expected Error:                                                                                       ",
      "    An error which tells the user that multiple repositories for the same dataObject have been found    "
    ],
    "includedTypes": [
      "JLib.Tests.TestCommandEntity",
      "JLib.Tests.TestDataProviderRw<>",
      "JLib.Tests.TestRepositoryR",
      "JLib.Tests.TestRepositoryRw"
    ]
  },
  "exception": {
    "Type": "JLib.Exceptions.JLibAggregateException",
    "Message": "TypeCacheTests",
    "InnerExceptions": [
      {
        "Type": "JLib.Exceptions.JLibAggregateException",
        "Message": "AddRepositories",
        "InnerExceptions": [
          {
            "Type": "JLib.Exceptions.InvalidSetupException",
            "Message": "multiple repos have been provided for data object JLib.Tests.TestCommandEntity: JLib.Tests.TestRepositoryR, JLib.Tests.TestRepositoryRw"
          }
        ]
      },
      {
        "Type": "JLib.Exceptions.JLibAggregateException",
        "Message": "Service Factory",
        "InnerExceptions": [
          {
            "Type": "JLib.Exceptions.JLibAggregateException",
            "Message": "AddDataProvider",
            "InnerExceptions": [
              {
                "Type": "JLib.Exceptions.JLibAggregateException",
                "Message": "AddMapDataProvider failed for valueType CommandEntityType",
                "InnerExceptions": [
                  {
                    "Type": "JLib.Exceptions.InvalidSetupException",
                    "Message": "The data provider Implementation JLib.Tests.TestDataProviderRw<JLib.Tests.TestCommandEntity> can write data but the Repository JLib.Tests.TestRepositoryR can not. \nForce the dataProvider to be ReadOnly or Implement IDataProviderRw with the repository."
                  }
                ]
              }
            ]
          }
        ]
      }
    ]
  },
  "cache": "disabled",
  "services": "disabled"
}
