{
  "Parameters": {
    "TestName": "NoRepo_ProvIrw",
    "ExpectedBehavior": [
      "  Provided:                                                                             ",
      "    DataProvider         : Invalid ReadWrite                                            ",
      "    Repository           : -                                                            ",
      "  Expected Exception:                                                                   ",
      "    An exception which tells the user to implement the SourceDataProvider Interfaces    "
    ],
    "includedTypes": [
      "JLib.Tests.TestCommandEntity",
      "JLib.Tests.TestInvalidDataProviderRw<>"
    ]
  },
  "exception": {
    "Type": "JLib.Exceptions.JLibAggregateException",
    "Message": "TypeCacheTests",
    "InnerExceptions": [
      {
        "Type": "JLib.Exceptions.JLibAggregateException",
        "Message": "Setup",
        "InnerExceptions": [
          {
            "Type": "JLib.Exceptions.JLibAggregateException",
            "Message": "Cache setup failed",
            "InnerExceptions": [
              {
                "Type": "JLib.Exceptions.JLibAggregateException",
                "Message": "Type validation failed",
                "InnerExceptions": [
                  {
                    "Type": "JLib.Exceptions.InvalidTypeException",
                    "Message": "Error while initializing SourceDataProviderType with JLib.Tests.TestInvalidDataProviderRw<>: Should implement JLib.Data.ISourceDataProviderRw<>"
                  }
                ]
              }
            ]
          }
        ]
      }
    ]
  },
  "cache": "disabled",
  "services": "disabled"
}
