{
  "Parameters": {
    "TestName": "RepoR_ProvR",
    "ExpectedBehavior": [
      "  Provided:                                ",
      "    DataProvider         : Read Only       ",
      "    Repository           : Read Only       ",
      "  Expected Implementations:                ",
      "    IDataProviderR       : Repository      ",
      "    IDataProviderRw      : -               ",
      "    ISourceDataProviderR : DataProvider    ",
      "    ISourceDataProviderRw: -               "
    ],
    "includedTypes": [
      "JLib.Tests.TestCommandEntity",
      "JLib.Tests.TestDataProviderR<>",
      "JLib.Tests.TestRepositoryR"
    ]
  },
  "exception": null,
  "cache": {
    "JLib.Tests": {
      "JLib.CommandEntityType": [
        "JLib.Tests.TestCommandEntity"
      ],
      "JLib.SourceDataProviderType": [
        "JLib.Tests.TestDataProviderR<>"
      ],
      "JLib.RepositoryDataProviderType": [
        "JLib.Tests.TestRepositoryR"
      ]
    }
  },
  "services": {
    "non-generic": [
      {
        "Lifetime": "Singleton",
        "ImplementationSource": "Instance",
        "ServiceType": "JLib.ITypeCache",
        "ServiceArguments": [],
        "ImplementationType": "JLib.TypeCache",
        "ImplementationTypeArguments": []
      },
      {
        "Lifetime": "Scoped",
        "ImplementationSource": "Type",
        "ServiceType": "JLib.Tests.TestRepositoryR",
        "ServiceArguments": [],
        "ImplementationType": "JLib.Tests.TestRepositoryR",
        "ImplementationTypeArguments": []
      }
    ],
    "JLib.Tests.TestCommandEntity": [
      {
        "Lifetime": "Scoped",
        "ImplementationSource": "Type",
        "ServiceType": "JLib.Tests.TestDataProviderR<>",
        "ServiceArguments": [
          "JLib.Tests.TestCommandEntity"
        ],
        "ImplementationType": "JLib.Tests.TestDataProviderR<>",
        "ImplementationTypeArguments": [
          "JLib.Tests.TestCommandEntity"
        ]
      },
      {
        "Lifetime": "Scoped",
        "ImplementationSource": "Factory",
        "ServiceType": "JLib.Data.ISourceDataProviderR<>",
        "ServiceArguments": [
          "JLib.Tests.TestCommandEntity"
        ],
        "ImplementationType": "JLib.Tests.TestDataProviderR<>",
        "ImplementationTypeArguments": [
          "JLib.Tests.TestCommandEntity"
        ]
      },
      {
        "Lifetime": "Scoped",
        "ImplementationSource": "Factory",
        "ServiceType": "JLib.Data.IDataProviderR<>",
        "ServiceArguments": [
          "JLib.Tests.TestCommandEntity"
        ],
        "ImplementationType": "JLib.Tests.TestRepositoryR",
        "ImplementationTypeArguments": []
      }
    ]
  }
}
