{
  "Parameters": {
    "TestName": "RepoIrw_ProvRw",
    "ExpectedBehavior": [
      "  Provided:                                                                                                                                                          ",
      "    DataProvider         : Read Write                                                                                                                                ",
      "    Repository           : Invalid ReadWrite                                                                                                                         ",
      "  Expected Error:                                                                                                                                                    ",
      "    An error which tells you that repositories must not implement the ISourceDataProvider Interface and that you must only implement the IDataProvider Interfaces    "
    ],
    "includedTypes": [
      "JLib.Tests.TestCommandEntity",
      "JLib.Tests.TestDataProviderRw<>",
      "JLib.Tests.TestInvalidRepositoryRw"
    ]
  },
  "exception": {
    "Type": "JLib.Exceptions.JLibAggregateException",
    "Message": "TypeCacheTests",
    "InnerExceptions": [
      {
        "Type": "JLib.Exceptions.JLibAggregateException",
        "Message": "Setup",
        "InnerExceptions": [
          {
            "Type": "JLib.Exceptions.JLibAggregateException",
            "Message": "Cache setup failed",
            "InnerExceptions": [
              {
                "Type": "JLib.Exceptions.JLibAggregateException",
                "Message": "Type validation failed",
                "InnerExceptions": [
                  {
                    "Type": "JLib.Exceptions.InvalidTypeException",
                    "Message": "Error while initializing SourceDataProviderType with JLib.Tests.TestInvalidRepositoryRw: Must be Generic\n if you tried to build a repository, you must not implement ISourceDataProviderR or ISourceDataProviderRw but IDataProviderR or IDataProviderRw"
                  }
                ]
              }
            ]
          }
        ]
      }
    ]
  },
  "cache": {
    "JLib.Tests": {
      "JLib.CommandEntityType": [
        "JLib.Tests.TestCommandEntity"
      ],
      "JLib.SourceDataProviderType": [
        "JLib.Tests.TestDataProviderRw<>",
        "JLib.Tests.TestInvalidRepositoryRw"
      ]
    }
  },
  "services": {
    "non-generic": [
      {
        "Lifetime": "Singleton",
        "ImplementationSource": "Instance",
        "ServiceType": "JLib.ITypeCache",
        "ServiceArguments": [],
        "ImplementationType": "JLib.TypeCache",
        "ImplementationTypeArguments": []
      }
    ],
    "JLib.Tests.TestCommandEntity": [
      {
        "Lifetime": "Scoped",
        "ImplementationSource": "Type",
        "ServiceType": "JLib.Tests.TestDataProviderRw<>",
        "ServiceArguments": [
          "JLib.Tests.TestCommandEntity"
        ],
        "ImplementationType": "JLib.Tests.TestDataProviderRw<>",
        "ImplementationTypeArguments": [
          "JLib.Tests.TestCommandEntity"
        ]
      },
      {
        "Lifetime": "Scoped",
        "ImplementationSource": "Factory",
        "ServiceType": "JLib.Data.ISourceDataProviderRw<>",
        "ServiceArguments": [
          "JLib.Tests.TestCommandEntity"
        ],
        "ImplementationType": "JLib.Tests.TestDataProviderRw<>",
        "ImplementationTypeArguments": [
          "JLib.Tests.TestCommandEntity"
        ]
      },
      {
        "Lifetime": "Scoped",
        "ImplementationSource": "Factory",
        "ServiceType": "JLib.Data.ISourceDataProviderR<>",
        "ServiceArguments": [
          "JLib.Tests.TestCommandEntity"
        ],
        "ImplementationType": "JLib.Tests.TestDataProviderRw<>",
        "ImplementationTypeArguments": [
          "JLib.Tests.TestCommandEntity"
        ]
      },
      {
        "Lifetime": "Scoped",
        "ImplementationSource": "Factory",
        "ServiceType": "JLib.Data.IDataProviderRw<>",
        "ServiceArguments": [
          "JLib.Tests.TestCommandEntity"
        ],
        "ImplementationType": "JLib.Tests.TestDataProviderRw<>",
        "ImplementationTypeArguments": [
          "JLib.Tests.TestCommandEntity"
        ]
      },
      {
        "Lifetime": "Scoped",
        "ImplementationSource": "Factory",
        "ServiceType": "JLib.Data.IDataProviderR<>",
        "ServiceArguments": [
          "JLib.Tests.TestCommandEntity"
        ],
        "ImplementationType": "JLib.Tests.TestDataProviderRw<>",
        "ImplementationTypeArguments": [
          "JLib.Tests.TestCommandEntity"
        ]
      }
    ]
  }
}
