{
  "Parameters": {
    "TestName": "RepoRw_ProvFr",
    "ExpectedBehavior": [
      "  Provided:                                                                                                        ",
      "    DataProvider         : Forced ReadOnly                                                                         ",
      "    Repository           : Read Write                                                                              ",
      "  Expected Exception:                                                                                              ",
      "    An exception which tells the user to not provide the DataProvider as ReadOnly and informs that it is forced    "
    ],
    "includedTypes": [
      "JLib.Tests.TestCommandEntity",
      "JLib.Tests.TestDataProviderRw<>",
      "JLib.Tests.TestRepositoryRw"
    ]
  },
  "exception": {
    "Type": "JLib.Exceptions.JLibAggregateException",
    "Message": "TypeCacheTests",
    "InnerExceptions": [
      {
        "Type": "JLib.Exceptions.JLibAggregateException",
        "Message": "Service Factory",
        "InnerExceptions": [
          {
            "Type": "JLib.Exceptions.JLibAggregateException",
            "Message": "AddDataProvider",
            "InnerExceptions": [
              {
                "Type": "JLib.Exceptions.JLibAggregateException",
                "Message": "AddMapDataProvider failed for valueType CommandEntityType",
                "InnerExceptions": [
                  {
                    "Type": "JLib.Exceptions.InvalidSetupException",
                    "Message": "The data provider Implementation JLib.Tests.TestDataProviderRw<JLib.Tests.TestCommandEntity> is forced read only but the Repository JLib.Tests.TestRepositoryRw can write data. \nNot forcing the DataProvider to be read only or implementing IDataProviderRw will solve this issue"
                  }
                ]
              }
            ]
          }
        ]
      }
    ]
  },
  "cache": "disabled",
  "services": "disabled"
}
